{
  "version": "1.5.0",
  "plugins_used": [
    {
      "name": "ArtifactoryDetector"
    },
    {
      "name": "AWSKeyDetector"
    },
    {
      "name": "AzureStorageKeyDetector"
    },
    {
      "name": "Base64HighEntropyString",
      "limit": 4.5
    },
    {
      "name": "BasicAuthDetector"
    },
    {
      "name": "CloudantDetector"
    },
    {
      "name": "DiscordBotTokenDetector"
    },
    {
      "name": "GitHubTokenDetector"
    },
    {
      "name": "GitLabTokenDetector"
    },
    {
      "name": "HexHighEntropyString",
      "limit": 3.0
    },
    {
      "name": "IbmCloudIamDetector"
    },
    {
      "name": "IbmCosHmacDetector"
    },
    {
      "name": "IPPublicDetector"
    },
    {
      "name": "JwtTokenDetector"
    },
    {
      "name": "KeywordDetector",
      "keyword_exclude": ""
    },
    {
      "name": "MailchimpDetector"
    },
    {
      "name": "NpmDetector"
    },
    {
      "name": "OpenAIDetector"
    },
    {
      "name": "PrivateKeyDetector"
    },
    {
      "name": "PypiTokenDetector"
    },
    {
      "name": "SendGridDetector"
    },
    {
      "name": "SlackDetector"
    },
    {
      "name": "SoftlayerDetector"
    },
    {
      "name": "SquareOAuthDetector"
    },
    {
      "name": "StripeDetector"
    },
    {
      "name": "TelegramBotTokenDetector"
    },
    {
      "name": "TwilioKeyDetector"
    }
  ],
  "filters_used": [
    {
      "path": "detect_secrets.filters.allowlist.is_line_allowlisted"
    },
    {
      "path": "detect_secrets.filters.common.is_baseline_file",
      "filename": ".secrets.baseline"
    },
    {
      "path": "detect_secrets.filters.common.is_ignored_due_to_verification_policies",
      "min_level": 2
    },
    {
      "path": "detect_secrets.filters.heuristic.is_indirect_reference"
    },
    {
      "path": "detect_secrets.filters.heuristic.is_likely_id_string"
    },
    {
      "path": "detect_secrets.filters.heuristic.is_lock_file"
    },
    {
      "path": "detect_secrets.filters.heuristic.is_not_alphanumeric_string"
    },
    {
      "path": "detect_secrets.filters.heuristic.is_potential_uuid"
    },
    {
      "path": "detect_secrets.filters.heuristic.is_prefixed_with_dollar_sign"
    },
    {
      "path": "detect_secrets.filters.heuristic.is_sequential_string"
    },
    {
      "path": "detect_secrets.filters.heuristic.is_swagger_file"
    },
    {
      "path": "detect_secrets.filters.heuristic.is_templated_secret"
    },
    {
      "path": "detect_secrets.filters.regex.should_exclude_file",
      "pattern": [
        "\\.venv/",
        "\\.secrets\\.baseline",
        ".*\\.lock$",
        "package-lock\\.json"
      ]
    }
  ],
  "results": {
    ".agents/skills/traigent/SKILL.md": [
      {
        "type": "Secret Keyword",
        "filename": ".agents/skills/traigent/SKILL.md",
        "hashed_secret": "ec3810e10fb78db55ce38b9c18d1c3eb1db739e0",
        "is_verified": false,
        "line_number": 208
      },
      {
        "type": "Secret Keyword",
        "filename": ".agents/skills/traigent/SKILL.md",
        "hashed_secret": "c7a8c334eef5d1749fface7d42c66f9ae5e8cf36",
        "is_verified": false,
        "line_number": 209
      }
    ],
    "docs/architecture/plugin_architecture.md": [
      {
        "type": "Secret Keyword",
        "filename": "docs/architecture/plugin_architecture.md",
        "hashed_secret": "f4aae9866cf436c5fb567f0d599bc6ec872e83f6",
        "is_verified": false,
        "line_number": 138
      }
    ],
    "docs/features/authentication.md": [
      {
        "type": "Secret Keyword",
        "filename": "docs/features/authentication.md",
        "hashed_secret": "9ad19750930e5cf133e024641c00daf5fc90c700",
        "is_verified": false,
        "line_number": 387
      }
    ],
    "docs/installation-guide-offline.md": [
      {
        "type": "Secret Keyword",
        "filename": "docs/installation-guide-offline.md",
        "hashed_secret": "ec3810e10fb78db55ce38b9c18d1c3eb1db739e0",
        "is_verified": false,
        "line_number": 62
      },
      {
        "type": "Secret Keyword",
        "filename": "docs/installation-guide-offline.md",
        "hashed_secret": "c7a8c334eef5d1749fface7d42c66f9ae5e8cf36",
        "is_verified": false,
        "line_number": 63
      },
      {
        "type": "Secret Keyword",
        "filename": "docs/installation-guide-offline.md",
        "hashed_secret": "11fa7c37d697f30e6aee828b4426a10f83ab2380",
        "is_verified": false,
        "line_number": 66
      }
    ],
    "docs/user-guide/optuna_integration.md": [
      {
        "type": "Basic Auth Credentials",
        "filename": "docs/user-guide/optuna_integration.md",
        "hashed_secret": "9d4e1e23bd5b727046a9e3b4b7db57bd8d6ee684",
        "is_verified": false,
        "line_number": 129
      }
    ],
    "examples/advanced/ragas/README.md": [
      {
        "type": "Secret Keyword",
        "filename": "examples/advanced/ragas/README.md",
        "hashed_secret": "ec3810e10fb78db55ce38b9c18d1c3eb1db739e0",
        "is_verified": false,
        "line_number": 24
      }
    ],
    "examples/core/prompt-style-optimization/README.md": [
      {
        "type": "Secret Keyword",
        "filename": "examples/core/prompt-style-optimization/README.md",
        "hashed_secret": "6d9c68c603e465077bdd49c62347fe54717f83a3",
        "is_verified": false,
        "line_number": 72
      }
    ],
    "examples/core/safety-guardrails/README.md": [
      {
        "type": "Secret Keyword",
        "filename": "examples/core/safety-guardrails/README.md",
        "hashed_secret": "6d9c68c603e465077bdd49c62347fe54717f83a3",
        "is_verified": false,
        "line_number": 72
      }
    ],
    "examples/core/structured-output-json/README.md": [
      {
        "type": "Secret Keyword",
        "filename": "examples/core/structured-output-json/README.md",
        "hashed_secret": "6d9c68c603e465077bdd49c62347fe54717f83a3",
        "is_verified": false,
        "line_number": 79
      }
    ],
    "examples/quickstart/README.md": [
      {
        "type": "Secret Keyword",
        "filename": "examples/quickstart/README.md",
        "hashed_secret": "a8253456364f1bfc7da7ae4a1db5b45d106317a5",
        "is_verified": false,
        "line_number": 48
      }
    ],
    "my_llm_project/rag_agent.py": [
      {
        "type": "Secret Keyword",
        "filename": "my_llm_project/rag_agent.py",
        "hashed_secret": "6d9c68c603e465077bdd49c62347fe54717f83a3",
        "is_verified": false,
        "line_number": 5
      }
    ],
    "plugins/traigent-ui/traigent_ui/STREAMLIT_README.md": [
      {
        "type": "Secret Keyword",
        "filename": "plugins/traigent-ui/traigent_ui/STREAMLIT_README.md",
        "hashed_secret": "aecdccc1cf64595b34e0cc152d238daabb32183a",
        "is_verified": false,
        "line_number": 19
      }
    ],
    "scripts/release/build_offline_zip.sh": [
      {
        "type": "Secret Keyword",
        "filename": "scripts/release/build_offline_zip.sh",
        "hashed_secret": "ec3810e10fb78db55ce38b9c18d1c3eb1db739e0",
        "is_verified": false,
        "line_number": 180
      },
      {
        "type": "Secret Keyword",
        "filename": "scripts/release/build_offline_zip.sh",
        "hashed_secret": "6d9c68c603e465077bdd49c62347fe54717f83a3",
        "is_verified": false,
        "line_number": 181
      }
    ],
    "scripts/smoke/smoke_real_api_measures.py": [
      {
        "type": "Basic Auth Credentials",
        "filename": "scripts/smoke/smoke_real_api_measures.py",
        "hashed_secret": "9d4e1e23bd5b727046a9e3b4b7db57bd8d6ee684",
        "is_verified": false,
        "line_number": 12
      }
    ],
    "scripts/sonarqube-local/docker-compose.yml": [
      {
        "type": "Secret Keyword",
        "filename": "scripts/sonarqube-local/docker-compose.yml",
        "hashed_secret": "345e9ea7c857e75dedd9edb24c232e1cab297c19",
        "is_verified": false,
        "line_number": 10
      }
    ],
    "tests/TESTING_GUIDELINES.md": [
      {
        "type": "Secret Keyword",
        "filename": "tests/TESTING_GUIDELINES.md",
        "hashed_secret": "425697fa9692ea5035739863d2481dbfcddfa31f",
        "is_verified": false,
        "line_number": 221
      }
    ],
    "tests/auto_tune/test_security_utils.py": [
      {
        "type": "Secret Keyword",
        "filename": "tests/auto_tune/test_security_utils.py",
        "hashed_secret": "3acfb2c2b433c0ea7ff107e33df91b18e52f960f",
        "is_verified": false,
        "line_number": 93
      }
    ],
    "tests/config/plugins/anthropic.yaml": [
      {
        "type": "Secret Keyword",
        "filename": "tests/config/plugins/anthropic.yaml",
        "hashed_secret": "665b1e3851eefefa3fb878654292f16597d25155",
        "is_verified": false,
        "line_number": 35
      }
    ],
    "tests/e2e/test_privacy_decorator.py": [
      {
        "type": "Secret Keyword",
        "filename": "tests/e2e/test_privacy_decorator.py",
        "hashed_secret": "d03a7a9634cd7ccfd21598d15a59f87f31c425a2",
        "is_verified": false,
        "line_number": 30
      }
    ],
    "tests/integration/backend/test_backend_integration_mock.py": [
      {
        "type": "Secret Keyword",
        "filename": "tests/integration/backend/test_backend_integration_mock.py",
        "hashed_secret": "9250c08601c6b21a3196bb6a7e8d9ce1ae5f39be",
        "is_verified": false,
        "line_number": 29
      }
    ],
    "tests/integration/langfuse/test_langfuse_bridge.py": [
      {
        "type": "Secret Keyword",
        "filename": "tests/integration/langfuse/test_langfuse_bridge.py",
        "hashed_secret": "fe1bae27cb7c1fb823f496f286e78f1d2ae87734",
        "is_verified": false,
        "line_number": 264
      },
      {
        "type": "Secret Keyword",
        "filename": "tests/integration/langfuse/test_langfuse_bridge.py",
        "hashed_secret": "a94a8fe5ccb19ba61c4c0873d391e987982fbbd3",
        "is_verified": false,
        "line_number": 277
      },
      {
        "type": "Secret Keyword",
        "filename": "tests/integration/langfuse/test_langfuse_bridge.py",
        "hashed_secret": "e9a5f12a8ecbb3eb46eca5096b5c52aa5e7c9fdd",
        "is_verified": false,
        "line_number": 301
      }
    ],
    "tests/integration/test_auth_flow_end_to_end.py": [
      {
        "type": "Secret Keyword",
        "filename": "tests/integration/test_auth_flow_end_to_end.py",
        "hashed_secret": "8f496788bffe8b052feeb2c64bbf8e38bdaec69b",
        "is_verified": false,
        "line_number": 41
      }
    ],
    "tests/integration/test_execution_modes.py": [
      {
        "type": "Secret Keyword",
        "filename": "tests/integration/test_execution_modes.py",
        "hashed_secret": "00942f4668670f34c5943cf52c7ef3139fe2b8d6",
        "is_verified": false,
        "line_number": 117
      }
    ],
    "tests/integration/test_mock_mode_metrics.py": [
      {
        "type": "Secret Keyword",
        "filename": "tests/integration/test_mock_mode_metrics.py",
        "hashed_secret": "f5ef767f75e3447133504f094ac9a57a6bf9a5c6",
        "is_verified": false,
        "line_number": 28
      }
    ],
    "tests/integration/test_privacy_integration.py": [
      {
        "type": "Secret Keyword",
        "filename": "tests/integration/test_privacy_integration.py",
        "hashed_secret": "3acfb2c2b433c0ea7ff107e33df91b18e52f960f",
        "is_verified": false,
        "line_number": 22
      }
    ],
    "tests/integration/test_traigent_decorator_cloud_integration.py": [
      {
        "type": "Secret Keyword",
        "filename": "tests/integration/test_traigent_decorator_cloud_integration.py",
        "hashed_secret": "3acfb2c2b433c0ea7ff107e33df91b18e52f960f",
        "is_verified": false,
        "line_number": 532
      }
    ],
    "tests/security/conftest.py": [
      {
        "type": "Secret Keyword",
        "filename": "tests/security/conftest.py",
        "hashed_secret": "48b25a04bbb2c5e09927c90960a4114de81cbd13",
        "is_verified": false,
        "line_number": 40
      },
      {
        "type": "Secret Keyword",
        "filename": "tests/security/conftest.py",
        "hashed_secret": "651ec3ba958a2d7ca42a805fbe6a9cbd167af24c",
        "is_verified": false,
        "line_number": 47
      },
      {
        "type": "Secret Keyword",
        "filename": "tests/security/conftest.py",
        "hashed_secret": "08684e3d9b02d094d31e369da4ca94fde132c71b",
        "is_verified": false,
        "line_number": 51
      },
      {
        "type": "Basic Auth Credentials",
        "filename": "tests/security/conftest.py",
        "hashed_secret": "9d4e1e23bd5b727046a9e3b4b7db57bd8d6ee684",
        "is_verified": false,
        "line_number": 127
      }
    ],
    "tests/security/test_all_modes.py": [
      {
        "type": "Secret Keyword",
        "filename": "tests/security/test_all_modes.py",
        "hashed_secret": "8ca68e07419728079897da01028fbc2b470cf411",
        "is_verified": false,
        "line_number": 69
      },
      {
        "type": "Secret Keyword",
        "filename": "tests/security/test_all_modes.py",
        "hashed_secret": "651ec3ba958a2d7ca42a805fbe6a9cbd167af24c",
        "is_verified": false,
        "line_number": 76
      },
      {
        "type": "Secret Keyword",
        "filename": "tests/security/test_all_modes.py",
        "hashed_secret": "08684e3d9b02d094d31e369da4ca94fde132c71b",
        "is_verified": false,
        "line_number": 80
      }
    ],
    "tests/security/test_credentials_integration.py": [
      {
        "type": "Secret Keyword",
        "filename": "tests/security/test_credentials_integration.py",
        "hashed_secret": "372bacdec8f936edc9dedda87434dd659c5fd4b9",
        "is_verified": false,
        "line_number": 31
      },
      {
        "type": "Secret Keyword",
        "filename": "tests/security/test_credentials_integration.py",
        "hashed_secret": "391d2ef27c79f6ba6eb55cde51d7361b6f110db3",
        "is_verified": false,
        "line_number": 53
      },
      {
        "type": "Secret Keyword",
        "filename": "tests/security/test_credentials_integration.py",
        "hashed_secret": "36a74288c7b0ff8ccbe1a586d3830fe81f0a46db",
        "is_verified": false,
        "line_number": 57
      },
      {
        "type": "Secret Keyword",
        "filename": "tests/security/test_credentials_integration.py",
        "hashed_secret": "1f0e468308b9284c5f17a689f1012e617abc68b8",
        "is_verified": false,
        "line_number": 106
      },
      {
        "type": "Secret Keyword",
        "filename": "tests/security/test_credentials_integration.py",
        "hashed_secret": "02cb028d06780f9cce4f1f0499551673bd711320",
        "is_verified": false,
        "line_number": 175
      },
      {
        "type": "Secret Keyword",
        "filename": "tests/security/test_credentials_integration.py",
        "hashed_secret": "e914bd6185ae58590f915c9b43576b2cbc2efe87",
        "is_verified": false,
        "line_number": 327
      },
      {
        "type": "Secret Keyword",
        "filename": "tests/security/test_credentials_integration.py",
        "hashed_secret": "f710bdc72c1673d195fcc3969487132f7a53d392",
        "is_verified": false,
        "line_number": 337
      },
      {
        "type": "Secret Keyword",
        "filename": "tests/security/test_credentials_integration.py",
        "hashed_secret": "bf84a2cf551133cdab8024a1ccd1b21c52c977b8",
        "is_verified": false,
        "line_number": 490
      }
    ],
    "tests/security/test_jwt_validator_secure.py": [
      {
        "type": "Secret Keyword",
        "filename": "tests/security/test_jwt_validator_secure.py",
        "hashed_secret": "480a1219604c04f21f81009faf76f08a6d40c482",
        "is_verified": false,
        "line_number": 24
      }
    ],
    "tests/security/test_seamless_security.py": [
      {
        "type": "Secret Keyword",
        "filename": "tests/security/test_seamless_security.py",
        "hashed_secret": "b968ea5d2cc44f84fa600dc6cd6d7fe9c81d8011",
        "is_verified": false,
        "line_number": 390
      }
    ],
    "tests/unit/adapters/test_execution_adapter.py": [
      {
        "type": "Secret Keyword",
        "filename": "tests/unit/adapters/test_execution_adapter.py",
        "hashed_secret": "3c3b274d119ff5a5ec6c1e215c1cb794d9973ac1",
        "is_verified": false,
        "line_number": 187
      }
    ],
    "tests/unit/analytics/test_example_insights.py": [
      {
        "type": "Secret Keyword",
        "filename": "tests/unit/analytics/test_example_insights.py",
        "hashed_secret": "00942f4668670f34c5943cf52c7ef3139fe2b8d6",
        "is_verified": false,
        "line_number": 40
      },
      {
        "type": "Secret Keyword",
        "filename": "tests/unit/analytics/test_example_insights.py",
        "hashed_secret": "7bac3a781f4b9606796e1a61bc27b0966b884cdc",
        "is_verified": false,
        "line_number": 50
      },
      {
        "type": "Secret Keyword",
        "filename": "tests/unit/analytics/test_example_insights.py",
        "hashed_secret": "a62f2225bf70bfaccbc7f1ef2a397836717377de",
        "is_verified": false,
        "line_number": 65
      },
      {
        "type": "Secret Keyword",
        "filename": "tests/unit/analytics/test_example_insights.py",
        "hashed_secret": "a94a8fe5ccb19ba61c4c0873d391e987982fbbd3",
        "is_verified": false,
        "line_number": 86
      }
    ],
    "tests/unit/cloud/test_agent_client.py": [
      {
        "type": "Secret Keyword",
        "filename": "tests/unit/cloud/test_agent_client.py",
        "hashed_secret": "9250c08601c6b21a3196bb6a7e8d9ce1ae5f39be",
        "is_verified": false,
        "line_number": 88
      },
      {
        "type": "Hex High Entropy String",
        "filename": "tests/unit/cloud/test_agent_client.py",
        "hashed_secret": "c44b91d6672bb1d7c51e050ababb0146efa84380",
        "is_verified": false,
        "line_number": 88
      },
      {
        "type": "Hex High Entropy String",
        "filename": "tests/unit/cloud/test_agent_client.py",
        "hashed_secret": "ff998abc1ce6d8f01a675fa197368e44c8916e9c",
        "is_verified": false,
        "line_number": 88
      },
      {
        "type": "Secret Keyword",
        "filename": "tests/unit/cloud/test_agent_client.py",
        "hashed_secret": "3acfb2c2b433c0ea7ff107e33df91b18e52f960f",
        "is_verified": false,
        "line_number": 201
      }
    ],
    "tests/unit/cloud/test_auth_data_classes.py": [
      {
        "type": "Secret Keyword",
        "filename": "tests/unit/cloud/test_auth_data_classes.py",
        "hashed_secret": "f19bdef79ff0fef5be90260fe42ad36e1394243c",
        "is_verified": false,
        "line_number": 286
      },
      {
        "type": "Secret Keyword",
        "filename": "tests/unit/cloud/test_auth_data_classes.py",
        "hashed_secret": "ea45a4958bbb18451e1d48aa90745cb35a508b29",
        "is_verified": false,
        "line_number": 367
      },
      {
        "type": "Secret Keyword",
        "filename": "tests/unit/cloud/test_auth_data_classes.py",
        "hashed_secret": "ad6ed643d097938d8f82b0945077efdc93928614",
        "is_verified": false,
        "line_number": 380
      },
      {
        "type": "Secret Keyword",
        "filename": "tests/unit/cloud/test_auth_data_classes.py",
        "hashed_secret": "5c12943ccb00b478e844eef0121c4635fc58ce39",
        "is_verified": false,
        "line_number": 392
      },
      {
        "type": "Secret Keyword",
        "filename": "tests/unit/cloud/test_auth_data_classes.py",
        "hashed_secret": "fa3b7f644207897470b4be0a5df8a6104e927627",
        "is_verified": false,
        "line_number": 422
      }
    ],
    "tests/unit/cloud/test_authentication_security.py": [
      {
        "type": "Secret Keyword",
        "filename": "tests/unit/cloud/test_authentication_security.py",
        "hashed_secret": "25b5a7e454ccbe4974ee239749935c9e32b887e1",
        "is_verified": false,
        "line_number": 325
      },
      {
        "type": "Secret Keyword",
        "filename": "tests/unit/cloud/test_authentication_security.py",
        "hashed_secret": "b3215fe1d22a64a131c0f9c09718c5b8860911ad",
        "is_verified": false,
        "line_number": 358
      },
      {
        "type": "Secret Keyword",
        "filename": "tests/unit/cloud/test_authentication_security.py",
        "hashed_secret": "495289ab973afae18fc84235f33dadc07a9608c4",
        "is_verified": false,
        "line_number": 389
      }
    ],
    "tests/unit/cloud/test_backend_bridges_security.py": [
      {
        "type": "Secret Keyword",
        "filename": "tests/unit/cloud/test_backend_bridges_security.py",
        "hashed_secret": "f2b14f68eb995facb3a1c35287b778d5bd785511",
        "is_verified": false,
        "line_number": 93
      },
      {
        "type": "Secret Keyword",
        "filename": "tests/unit/cloud/test_backend_bridges_security.py",
        "hashed_secret": "ff55435345834a3fe224936776c2aa15f6ed5358",
        "is_verified": false,
        "line_number": 94
      }
    ],
    "tests/unit/cloud/test_cloud_authentication.py": [
      {
        "type": "Secret Keyword",
        "filename": "tests/unit/cloud/test_cloud_authentication.py",
        "hashed_secret": "9250c08601c6b21a3196bb6a7e8d9ce1ae5f39be",
        "is_verified": false,
        "line_number": 290
      },
      {
        "type": "Secret Keyword",
        "filename": "tests/unit/cloud/test_cloud_authentication.py",
        "hashed_secret": "44c08d71fbe20d2cf9c5842af590dda096bee6f9",
        "is_verified": false,
        "line_number": 304
      },
      {
        "type": "Secret Keyword",
        "filename": "tests/unit/cloud/test_cloud_authentication.py",
        "hashed_secret": "801f9bf378fc57a61f95a66e2465a02ed3092d7e",
        "is_verified": false,
        "line_number": 305
      },
      {
        "type": "Secret Keyword",
        "filename": "tests/unit/cloud/test_cloud_authentication.py",
        "hashed_secret": "c6e454d960df4845f9d69eb11377c8b23882715b",
        "is_verified": false,
        "line_number": 326
      },
      {
        "type": "Secret Keyword",
        "filename": "tests/unit/cloud/test_cloud_authentication.py",
        "hashed_secret": "1089adfb1f11b95df31344030507912b5abdf57a",
        "is_verified": false,
        "line_number": 543
      },
      {
        "type": "Secret Keyword",
        "filename": "tests/unit/cloud/test_cloud_authentication.py",
        "hashed_secret": "72cb70dbbafe97e5ea13ad88acd65d08389439b0",
        "is_verified": false,
        "line_number": 573
      },
      {
        "type": "Secret Keyword",
        "filename": "tests/unit/cloud/test_cloud_authentication.py",
        "hashed_secret": "827ba56f5549ed55e91dc9fb84327b0148c01a5e",
        "is_verified": false,
        "line_number": 634
      },
      {
        "type": "Secret Keyword",
        "filename": "tests/unit/cloud/test_cloud_authentication.py",
        "hashed_secret": "00942f4668670f34c5943cf52c7ef3139fe2b8d6",
        "is_verified": false,
        "line_number": 778
      },
      {
        "type": "Secret Keyword",
        "filename": "tests/unit/cloud/test_cloud_authentication.py",
        "hashed_secret": "ab2bf873e7a77f787d5c8b53d196c659cd146497",
        "is_verified": false,
        "line_number": 1105
      },
      {
        "type": "Secret Keyword",
        "filename": "tests/unit/cloud/test_cloud_authentication.py",
        "hashed_secret": "ad6ed643d097938d8f82b0945077efdc93928614",
        "is_verified": false,
        "line_number": 1114
      },
      {
        "type": "Secret Keyword",
        "filename": "tests/unit/cloud/test_cloud_authentication.py",
        "hashed_secret": "44cdfc3615970ada14420caaaa5c5745fca06002",
        "is_verified": false,
        "line_number": 1216
      },
      {
        "type": "Secret Keyword",
        "filename": "tests/unit/cloud/test_cloud_authentication.py",
        "hashed_secret": "a0f4ea7d91495df92bbac2e2149dfb850fe81396",
        "is_verified": false,
        "line_number": 1286
      }
    ],
    "tests/unit/cloud/test_cloud_client_validation.py": [
      {
        "type": "Secret Keyword",
        "filename": "tests/unit/cloud/test_cloud_client_validation.py",
        "hashed_secret": "3acfb2c2b433c0ea7ff107e33df91b18e52f960f",
        "is_verified": false,
        "line_number": 16
      }
    ],
    "tests/unit/cloud/test_credential_resolver.py": [
      {
        "type": "Secret Keyword",
        "filename": "tests/unit/cloud/test_credential_resolver.py",
        "hashed_secret": "3acfb2c2b433c0ea7ff107e33df91b18e52f960f",
        "is_verified": false,
        "line_number": 68
      },
      {
        "type": "Secret Keyword",
        "filename": "tests/unit/cloud/test_credential_resolver.py",
        "hashed_secret": "fe1bae27cb7c1fb823f496f286e78f1d2ae87734",
        "is_verified": false,
        "line_number": 276
      },
      {
        "type": "Secret Keyword",
        "filename": "tests/unit/cloud/test_credential_resolver.py",
        "hashed_secret": "3e3a880564d6961104d8ca9e82190ef682b3d11a",
        "is_verified": false,
        "line_number": 294
      }
    ],
    "tests/unit/cloud/test_session_finalization.py": [
      {
        "type": "Secret Keyword",
        "filename": "tests/unit/cloud/test_session_finalization.py",
        "hashed_secret": "2e7a7ee14caebf378fc32d6cf6f557f347c96773",
        "is_verified": false,
        "line_number": 19
      }
    ],
    "tests/unit/cloud/test_session_ownership_enforcement.py": [
      {
        "type": "Secret Keyword",
        "filename": "tests/unit/cloud/test_session_ownership_enforcement.py",
        "hashed_secret": "d244bdec6e3b588fa5a9d63a735bc527d57ae878",
        "is_verified": false,
        "line_number": 29
      }
    ],
    "tests/unit/config/test_api_keys.py": [
      {
        "type": "Secret Keyword",
        "filename": "tests/unit/config/test_api_keys.py",
        "hashed_secret": "bea2f7b64fab8d1d414d0449530b1e088d36d5b1",
        "is_verified": false,
        "line_number": 49
      }
    ],
    "tests/unit/integrations/langfuse/test_langfuse_tracker.py": [
      {
        "type": "Secret Keyword",
        "filename": "tests/unit/integrations/langfuse/test_langfuse_tracker.py",
        "hashed_secret": "5efd9c78161dbdc37aecdfecbe469d2d9975d9db",
        "is_verified": false,
        "line_number": 133
      }
    ],
    "tests/unit/integrations/test_framework_override.py": [
      {
        "type": "Secret Keyword",
        "filename": "tests/unit/integrations/test_framework_override.py",
        "hashed_secret": "3acfb2c2b433c0ea7ff107e33df91b18e52f960f",
        "is_verified": false,
        "line_number": 228
      }
    ],
    "tests/unit/integrations/test_framework_override_extended.py": [
      {
        "type": "Secret Keyword",
        "filename": "tests/unit/integrations/test_framework_override_extended.py",
        "hashed_secret": "a94a8fe5ccb19ba61c4c0873d391e987982fbbd3",
        "is_verified": false,
        "line_number": 1109
      }
    ],
    "tests/unit/integrations/test_mistral_plugin.py": [
      {
        "type": "Secret Keyword",
        "filename": "tests/unit/integrations/test_mistral_plugin.py",
        "hashed_secret": "665b1e3851eefefa3fb878654292f16597d25155",
        "is_verified": false,
        "line_number": 188
      }
    ],
    "tests/unit/optimizers/test_cloud_optimizer.py": [
      {
        "type": "Secret Keyword",
        "filename": "tests/unit/optimizers/test_cloud_optimizer.py",
        "hashed_secret": "00942f4668670f34c5943cf52c7ef3139fe2b8d6",
        "is_verified": false,
        "line_number": 234
      }
    ],
    "tests/unit/optimizers/test_remote_services.py": [
      {
        "type": "Secret Keyword",
        "filename": "tests/unit/optimizers/test_remote_services.py",
        "hashed_secret": "00942f4668670f34c5943cf52c7ef3139fe2b8d6",
        "is_verified": false,
        "line_number": 597
      },
      {
        "type": "Secret Keyword",
        "filename": "tests/unit/optimizers/test_remote_services.py",
        "hashed_secret": "b9615cef6cff3572af1365ff44c8b92ea9266f3e",
        "is_verified": false,
        "line_number": 1068
      }
    ],
    "tests/unit/security/auth/test_oidc.py": [
      {
        "type": "Secret Keyword",
        "filename": "tests/unit/security/auth/test_oidc.py",
        "hashed_secret": "03f5e2d670af3e9183f3fe790785b0d41291a17d",
        "is_verified": false,
        "line_number": 62
      }
    ],
    "tests/unit/security/auth/test_sms.py": [
      {
        "type": "Hex High Entropy String",
        "filename": "tests/unit/security/auth/test_sms.py",
        "hashed_secret": "63a0349ac776de22d5b1c0b149d7e4abbf3b3b46",
        "is_verified": false,
        "line_number": 28
      }
    ],
    "tests/unit/security/auth/test_totp.py": [
      {
        "type": "Base64 High Entropy String",
        "filename": "tests/unit/security/auth/test_totp.py",
        "hashed_secret": "365822579a8709344e1840a8b3e3cad51ec62a85",
        "is_verified": false,
        "line_number": 102
      }
    ],
    "tests/unit/security/test_audit.py": [
      {
        "type": "Secret Keyword",
        "filename": "tests/unit/security/test_audit.py",
        "hashed_secret": "4e6a5700698aa6f299f112948996c75b688f8d58",
        "is_verified": false,
        "line_number": 23
      }
    ],
    "tests/unit/security/test_codex_security_fixes_regression.py": [
      {
        "type": "Secret Keyword",
        "filename": "tests/unit/security/test_codex_security_fixes_regression.py",
        "hashed_secret": "b968ea5d2cc44f84fa600dc6cd6d7fe9c81d8011",
        "is_verified": false,
        "line_number": 141
      }
    ],
    "tests/unit/security/test_credentials.py": [
      {
        "type": "Secret Keyword",
        "filename": "tests/unit/security/test_credentials.py",
        "hashed_secret": "abb024ce40e5b84dce8710ae9610c31e3bef35af",
        "is_verified": false,
        "line_number": 128
      },
      {
        "type": "Secret Keyword",
        "filename": "tests/unit/security/test_credentials.py",
        "hashed_secret": "1ded3053d0363079a4e681a3b700435d6d880290",
        "is_verified": false,
        "line_number": 316
      },
      {
        "type": "Secret Keyword",
        "filename": "tests/unit/security/test_credentials.py",
        "hashed_secret": "bc58608dc1ce7310e5555fe44c4b319f383d3763",
        "is_verified": false,
        "line_number": 346
      },
      {
        "type": "Secret Keyword",
        "filename": "tests/unit/security/test_credentials.py",
        "hashed_secret": "6f1991ff4238307f653a5fc5fcc31266fdf59ff5",
        "is_verified": false,
        "line_number": 350
      }
    ],
    "tests/unit/security/test_crypto_utils.py": [
      {
        "type": "Secret Keyword",
        "filename": "tests/unit/security/test_crypto_utils.py",
        "hashed_secret": "02d77d6a56e52e535eb9bb8868fbbfcd8292f826",
        "is_verified": false,
        "line_number": 45
      },
      {
        "type": "Secret Keyword",
        "filename": "tests/unit/security/test_crypto_utils.py",
        "hashed_secret": "f0578f1e7174b1a41c4ea8c6e17f7a8a3b88c92a",
        "is_verified": false,
        "line_number": 84
      },
      {
        "type": "Secret Keyword",
        "filename": "tests/unit/security/test_crypto_utils.py",
        "hashed_secret": "8be52126a6fde450a7162a3651d589bb51e9579d",
        "is_verified": false,
        "line_number": 85
      },
      {
        "type": "Secret Keyword",
        "filename": "tests/unit/security/test_crypto_utils.py",
        "hashed_secret": "00942f4668670f34c5943cf52c7ef3139fe2b8d6",
        "is_verified": false,
        "line_number": 147
      },
      {
        "type": "Secret Keyword",
        "filename": "tests/unit/security/test_crypto_utils.py",
        "hashed_secret": "5a0aee0f3af308cd6d74d617fde6592c2bc94fa3",
        "is_verified": false,
        "line_number": 186
      },
      {
        "type": "Secret Keyword",
        "filename": "tests/unit/security/test_crypto_utils.py",
        "hashed_secret": "6243247eed22701b7e63f2a75ec1fe2e513a8b33",
        "is_verified": false,
        "line_number": 215
      },
      {
        "type": "Secret Keyword",
        "filename": "tests/unit/security/test_crypto_utils.py",
        "hashed_secret": "9fb7fe1217aed442b04c0f5e43b5d5a7d3287097",
        "is_verified": false,
        "line_number": 226
      }
    ],
    "tests/unit/security/test_rate_limiter.py": [
      {
        "type": "Secret Keyword",
        "filename": "tests/unit/security/test_rate_limiter.py",
        "hashed_secret": "f638f7a6d6f8b1c1797912b91421c44afcc5b0d6",
        "is_verified": false,
        "line_number": 499
      },
      {
        "type": "Secret Keyword",
        "filename": "tests/unit/security/test_rate_limiter.py",
        "hashed_secret": "96a17ac21a4074004557d56a39452d2bebd57e19",
        "is_verified": false,
        "line_number": 1308
      }
    ],
    "tests/unit/security/test_security_authentication.py": [
      {
        "type": "Secret Keyword",
        "filename": "tests/unit/security/test_security_authentication.py",
        "hashed_secret": "bea2f7b64fab8d1d414d0449530b1e088d36d5b1",
        "is_verified": false,
        "line_number": 142
      },
      {
        "type": "Secret Keyword",
        "filename": "tests/unit/security/test_security_authentication.py",
        "hashed_secret": "72cb70dbbafe97e5ea13ad88acd65d08389439b0",
        "is_verified": false,
        "line_number": 219
      }
    ],
    "tests/unit/test_jwt_validator.py": [
      {
        "type": "JSON Web Token",
        "filename": "tests/unit/test_jwt_validator.py",
        "hashed_secret": "34c659f4df06118f5bc39edc355b4542851ad3f6",
        "is_verified": false,
        "line_number": 763
      }
    ],
    "tests/unit/test_secure_auth.py": [
      {
        "type": "Secret Keyword",
        "filename": "tests/unit/test_secure_auth.py",
        "hashed_secret": "cbfdac6008f9cab4083784cbd1874f76618d2a97",
        "is_verified": false,
        "line_number": 105
      },
      {
        "type": "Secret Keyword",
        "filename": "tests/unit/test_secure_auth.py",
        "hashed_secret": "a0f4ea7d91495df92bbac2e2149dfb850fe81396",
        "is_verified": false,
        "line_number": 114
      },
      {
        "type": "Secret Keyword",
        "filename": "tests/unit/test_secure_auth.py",
        "hashed_secret": "f6db7cd15318dc08ba07364547a31b169ee8f8f2",
        "is_verified": false,
        "line_number": 119
      },
      {
        "type": "Secret Keyword",
        "filename": "tests/unit/test_secure_auth.py",
        "hashed_secret": "9ed0f816c7c969ece9f5f7d314f75ff54b95ae28",
        "is_verified": false,
        "line_number": 203
      }
    ],
    "tests/unit/utils/test_example_id.py": [
      {
        "type": "Hex High Entropy String",
        "filename": "tests/unit/utils/test_example_id.py",
        "hashed_secret": "91746fe1ec2e340a70b46131c4974a477a807da5",
        "is_verified": false,
        "line_number": 43
      }
    ],
    "tests/unit/utils/test_local_analytics.py": [
      {
        "type": "Secret Keyword",
        "filename": "tests/unit/utils/test_local_analytics.py",
        "hashed_secret": "035bf17d591b5967aafe1700f7e7d0bf0f7d6bf3",
        "is_verified": false,
        "line_number": 457
      }
    ],
    "tests/unit/utils/test_reproducibility.py": [
      {
        "type": "Hex High Entropy String",
        "filename": "tests/unit/utils/test_reproducibility.py",
        "hashed_secret": "90bd1b48e958257948487b90bee080ba5ed00caa",
        "is_verified": false,
        "line_number": 166
      }
    ],
    "traigent/integrations/langfuse/__init__.py": [
      {
        "type": "Secret Keyword",
        "filename": "traigent/integrations/langfuse/__init__.py",
        "hashed_secret": "bfc5221616fd29387d7413aeb41401391dceefa8",
        "is_verified": false,
        "line_number": 27
      }
    ],
    "traigent/integrations/langfuse/tracker.py": [
      {
        "type": "Secret Keyword",
        "filename": "traigent/integrations/langfuse/tracker.py",
        "hashed_secret": "3de1412d782e175bafb188a225e9339bf1d5645e",
        "is_verified": false,
        "line_number": 143
      }
    ],
    "traigent/integrations/llms/anthropic_plugin.py": [
      {
        "type": "Secret Keyword",
        "filename": "traigent/integrations/llms/anthropic_plugin.py",
        "hashed_secret": "665b1e3851eefefa3fb878654292f16597d25155",
        "is_verified": false,
        "line_number": 51
      }
    ],
    "traigent/integrations/llms/langchain_plugin.py": [
      {
        "type": "Secret Keyword",
        "filename": "traigent/integrations/llms/langchain_plugin.py",
        "hashed_secret": "bde4db9b4c3be4049adc3b9a69851d7c35119770",
        "is_verified": false,
        "line_number": 99
      },
      {
        "type": "Secret Keyword",
        "filename": "traigent/integrations/llms/langchain_plugin.py",
        "hashed_secret": "0f5649c9ee9b12e2dac7ee4cc9becb72a0d068ba",
        "is_verified": false,
        "line_number": 100
      },
      {
        "type": "Secret Keyword",
        "filename": "traigent/integrations/llms/langchain_plugin.py",
        "hashed_secret": "3f2df46921dd8e2c36e2ce85238705ac0774c74a",
        "is_verified": false,
        "line_number": 101
      },
      {
        "type": "Secret Keyword",
        "filename": "traigent/integrations/llms/langchain_plugin.py",
        "hashed_secret": "3bc4a7fe761cff21ea09e3d718f510f637996afb",
        "is_verified": false,
        "line_number": 103
      }
    ],
    "traigent/integrations/llms/llamaindex_plugin.py": [
      {
        "type": "Secret Keyword",
        "filename": "traigent/integrations/llms/llamaindex_plugin.py",
        "hashed_secret": "665b1e3851eefefa3fb878654292f16597d25155",
        "is_verified": false,
        "line_number": 218
      }
    ],
    "traigent/integrations/llms/mistral_plugin.py": [
      {
        "type": "Secret Keyword",
        "filename": "traigent/integrations/llms/mistral_plugin.py",
        "hashed_secret": "665b1e3851eefefa3fb878654292f16597d25155",
        "is_verified": false,
        "line_number": 59
      }
    ],
    "traigent/security/credentials.py": [
      {
        "type": "Secret Keyword",
        "filename": "traigent/security/credentials.py",
        "hashed_secret": "665b1e3851eefefa3fb878654292f16597d25155",
        "is_verified": false,
        "line_number": 65
      },
      {
        "type": "Secret Keyword",
        "filename": "traigent/security/credentials.py",
        "hashed_secret": "e5e9fa1ba31ecd1ae84f75caaa474f3a663f05f4",
        "is_verified": false,
        "line_number": 66
      },
      {
        "type": "Secret Keyword",
        "filename": "traigent/security/credentials.py",
        "hashed_secret": "5baa61e4c9b93f3f0682250b6cf8331b7ee68fd8",
        "is_verified": false,
        "line_number": 67
      },
      {
        "type": "Secret Keyword",
        "filename": "traigent/security/credentials.py",
        "hashed_secret": "26eae588d0859648be8edcf9cd2cf19bbdfacd43",
        "is_verified": false,
        "line_number": 70
      }
    ],
    "traigent/utils/example_id.py": [
      {
        "type": "Hex High Entropy String",
        "filename": "traigent/utils/example_id.py",
        "hashed_secret": "91746fe1ec2e340a70b46131c4974a477a807da5",
        "is_verified": false,
        "line_number": 53
      }
    ],
    "walkthrough/demo/rag_agent.py": [
      {
        "type": "Secret Keyword",
        "filename": "walkthrough/demo/rag_agent.py",
        "hashed_secret": "6d9c68c603e465077bdd49c62347fe54717f83a3",
        "is_verified": false,
        "line_number": 5
      }
    ],
    "walkthrough/mock/07_multi_provider.py": [
      {
        "type": "Secret Keyword",
        "filename": "walkthrough/mock/07_multi_provider.py",
        "hashed_secret": "6d9c68c603e465077bdd49c62347fe54717f83a3",
        "is_verified": false,
        "line_number": 184
      }
    ]
  },
  "generated_at": "2026-05-14T11:45:17Z"
}
